******************************************************************************
                  MSP430 Linker PC v4.1.5                      
******************************************************************************
>> Linked Thu Jan 09 23:16:37 2014

OUTPUT FILE NAME:   <FC003.out>
ENTRY POINT SYMBOL: "_c_int00"  address: 0000fd88


MEMORY CONFIGURATION

         name            origin    length      used     unused   attr    fill
----------------------  --------  ---------  --------  --------  ----  --------
  SFR                   00000000   00000010  00000000  00000010  RWIX
  PERIPHERALS_8BIT      00000010   000000f0  00000000  000000f0  RWIX
  PERIPHERALS_16BIT     00000100   00000100  00000000  00000100  RWIX
  RAM                   00000200   00000100  00000071  0000008f  RWIX
  INFOD                 00001000   00000040  00000000  00000040  RWIX
  INFOC                 00001040   00000040  00000000  00000040  RWIX
  INFOB                 00001080   00000040  00000000  00000040  RWIX
  INFOA                 000010c0   00000040  00000000  00000040  RWIX
  FLASH                 0000f800   000007e0  0000066a  00000176  RWIX
  INT00                 0000ffe0   00000002  00000000  00000002  RWIX
  INT01                 0000ffe2   00000002  00000000  00000002  RWIX
  INT02                 0000ffe4   00000002  00000000  00000002  RWIX
  INT03                 0000ffe6   00000002  00000000  00000002  RWIX
  INT04                 0000ffe8   00000002  00000000  00000002  RWIX
  INT05                 0000ffea   00000002  00000000  00000002  RWIX
  INT06                 0000ffec   00000002  00000000  00000002  RWIX
  INT07                 0000ffee   00000002  00000000  00000002  RWIX
  INT08                 0000fff0   00000002  00000002  00000000  RWIX
  INT09                 0000fff2   00000002  00000000  00000002  RWIX
  INT10                 0000fff4   00000002  00000000  00000002  RWIX
  INT11                 0000fff6   00000002  00000000  00000002  RWIX
  INT12                 0000fff8   00000002  00000000  00000002  RWIX
  INT13                 0000fffa   00000002  00000000  00000002  RWIX
  INT14                 0000fffc   00000002  00000000  00000002  RWIX
  RESET                 0000fffe   00000002  00000002  00000000  RWIX


SECTION ALLOCATION MAP

 output                                  attributes/
section   page    origin      length       input sections
--------  ----  ----------  ----------   ----------------
.init_array 
*          0    0000f800    00000000     UNINITIALIZED

.bss       0    00000200    0000001d     UNINITIALIZED
                  00000200    0000001d     main.obj (.bss)

.TI.noinit 
*          0    00000200    00000000     UNINITIALIZED

.data      0    0000021e    00000004     
                  0000021e    00000004     main.obj (.data)

.TI.persistent 
*          0    0000021e    00000000     UNINITIALIZED

.stack     0    000002b0    00000050     UNINITIALIZED
                  000002b0    00000002     rts430_eabi.lib : boot.obj (.stack)
                  000002b2    0000004e     --HOLE--

.text      0    0000f800    000005f8     
                  0000f800    000001ae     main.obj (.text:main)
                  0000f9ae    0000017c     main.obj (.text:TA0IV_ISR)
                  0000fb2a    00000068     textconv.obj (.text:LongToBCD)
                  0000fb92    0000005e     rts430_eabi.lib : copy_decompress_rle.obj (.text:__TI_decompress_rle_core)
                  0000fbf0    0000005e                     : autoinit.obj (.text:_auto_init)
                  0000fc4e    00000058                     : div32u.obj (.text)
                  0000fca6    0000004c                     : lsr16.obj (.text)
                  0000fcf2    00000044     main.obj (.text:set_countmode)
                  0000fd36    0000002c     rts430_eabi.lib : lsl16.obj (.text)
                  0000fd62    00000026                     : mult32.obj (.text)
                  0000fd88    0000001a                     : boot.obj (.text:_c_int00_noexit)
                  0000fda2    00000014                     : copy_zero_init.obj (.text:decompress:ZI:__TI_zero_init)
                  0000fdb6    00000012                     : copy_decompress_none.obj (.text:decompress:none:__TI_decompress_none)
                  0000fdc8    00000012                     : memcpy.obj (.text:memcpy)
                  0000fdda    00000010                     : epilog.obj (.text)
                  0000fdea    00000006                     : copy_decompress_rle.obj (.text:decompress:rle24:__TI_decompress_rle24)
                  0000fdf0    00000004                     : pre_init.obj (.text:_system_pre_init)
                  0000fdf4    00000004                     : exit.obj (.text:abort)

.const     0    0000fdf8    00000058     
                  0000fdf8    00000024     main.obj (.const:multiplication_limits)
                  0000fe1c    00000024     main.obj (.const:powerten)
                  0000fe40    00000010     main.obj (.const:.string:segments)

.cinit     0    0000fe50    0000001a     
                  0000fe50    00000008     (.cinit..data.load) [load image]
                  0000fe58    00000006     (__TI_handler_table)
                  0000fe5e    00000004     (.cinit..bss.load) [load image, compression = zero_init]
                  0000fe62    00000008     (__TI_cinit_table)

TIMER0_A1 
*          0    0000fff0    00000002     
                  0000fff0    00000002     main.obj (.int08)

.reset     0    0000fffe    00000002     
                  0000fffe    00000002     rts430_eabi.lib : boot.obj (.reset)


LINKER GENERATED COPY TABLES

__TI_cinit_table @ 0000fe62 records: 2, size/record: 4, table size: 8
	.data: load addr=0000fe50, load size=00000008 bytes, run addr=0000021e, run size=00000004 bytes, compression=copy
	.bss: load addr=0000fe5e, load size=00000004 bytes, run addr=00000200, run size=0000001d bytes, compression=zero_init


LINKER GENERATED HANDLER TABLE

__TI_handler_table @ 0000fe58 records: 3, size/record: 2, table size: 6
	index: 0, handler: __TI_zero_init
	index: 1, handler: __TI_decompress_rle24
	index: 2, handler: __TI_decompress_none


GLOBAL SYMBOLS: SORTED ALPHABETICALLY BY Name 

address    name
--------   ----
0000004a   ADC10AE0
000001b0   ADC10CTL0
000001b2   ADC10CTL1
00000048   ADC10DTC0
00000049   ADC10DTC1
000001b4   ADC10MEM
000001bc   ADC10SA
00000057   BCSCTL1
00000058   BCSCTL2
00000053   BCSCTL3
0000fdf4   C$$EXIT
00000059   CACTL1
0000005a   CACTL2
000010fb   CALBC1_12MHZ
000010f9   CALBC1_16MHZ
000010ff   CALBC1_1MHZ
000010fd   CALBC1_8MHZ
000010fa   CALDCO_12MHZ
000010f8   CALDCO_16MHZ
000010fe   CALDCO_1MHZ
000010fc   CALDCO_8MHZ
0000005b   CAPD
00000056   DCOCTL
00000128   FCTL1
0000012a   FCTL2
0000012c   FCTL3
00000000   IE1
00000002   IFG1
0000fb2a   LongToBCD
00000022   P1DIR
00000025   P1IE
00000024   P1IES
00000023   P1IFG
00000020   P1IN
00000021   P1OUT
00000027   P1REN
00000026   P1SEL
00000041   P1SEL2
0000002a   P2DIR
0000002d   P2IE
0000002c   P2IES
0000002b   P2IFG
00000028   P2IN
00000029   P2OUT
0000002f   P2REN
0000002e   P2SEL
00000042   P2SEL2
00000172   TA0CCR0
00000174   TA0CCR1
00000176   TA0CCR2
00000162   TA0CCTL0
00000164   TA0CCTL1
00000166   TA0CCTL2
00000160   TA0CTL
0000012e   TA0IV
0000f9ae   TA0IV_ISR
00000170   TA0R
0000007a   USICCTL
0000007a   USICKCTL
0000007b   USICNT
00000078   USICTL
00000078   USICTL0
00000079   USICTL1
0000007c   USISR
0000007d   USISRH
0000007c   USISRL
00000120   WDTCTL
00000300   __STACK_END
00000050   __STACK_SIZE
0000fe62   __TI_CINIT_Base
0000fe6a   __TI_CINIT_Limit
0000fe58   __TI_Handler_Table_Base
0000fe5e   __TI_Handler_Table_Limit
UNDEFED    __TI_INITARRAY_Base
UNDEFED    __TI_INITARRAY_Limit
00000001   __TI_args_main
0000fdb6   __TI_decompress_none
0000fdea   __TI_decompress_rle24
00000001   __TI_exit
0000fda2   __TI_zero_init
ffffffff   __binit__
ffffffff   __c_args__
0000fc4e   __mspabi_divul
0000fde6   __mspabi_func_epilog_1
0000fde4   __mspabi_func_epilog_2
0000fde2   __mspabi_func_epilog_3
0000fde0   __mspabi_func_epilog_4
0000fdde   __mspabi_func_epilog_5
0000fddc   __mspabi_func_epilog_6
0000fdda   __mspabi_func_epilog_7
0000fd62   __mspabi_mpyl
0000fc4e   __mspabi_remul
0000fd36   __mspabi_slli
0000fd5e   __mspabi_slli_1
0000fd4c   __mspabi_slli_10
0000fd4a   __mspabi_slli_11
0000fd48   __mspabi_slli_12
0000fd46   __mspabi_slli_13
0000fd44   __mspabi_slli_14
0000fd42   __mspabi_slli_15
0000fd5c   __mspabi_slli_2
0000fd5a   __mspabi_slli_3
0000fd58   __mspabi_slli_4
0000fd56   __mspabi_slli_5
0000fd54   __mspabi_slli_6
0000fd52   __mspabi_slli_7
0000fd50   __mspabi_slli_8
0000fd4e   __mspabi_slli_9
0000fca6   __mspabi_srli
0000fcec   __mspabi_srli_1
0000fcc8   __mspabi_srli_10
0000fcc4   __mspabi_srli_11
0000fcc0   __mspabi_srli_12
0000fcbc   __mspabi_srli_13
0000fcb8   __mspabi_srli_14
0000fcb4   __mspabi_srli_15
0000fce8   __mspabi_srli_2
0000fce4   __mspabi_srli_3
0000fce0   __mspabi_srli_4
0000fcdc   __mspabi_srli_5
0000fcd8   __mspabi_srli_6
0000fcd4   __mspabi_srli_7
0000fcd0   __mspabi_srli_8
0000fccc   __mspabi_srli_9
0000fbf0   _auto_init
0000fd88   _c_int00
0000fd88   _c_int00_noexit
0000fffe   _reset_vector
000002b0   _stack
0000fdf0   _system_pre_init
0000fdf4   abort
0000020e   bcd
ffffffff   binit
0000021e   count_mode
00000208   count_result
00000204   counter
0000021f   disp_mode
00000217   dp
00000220   gate_division
0000f800   main
0000fdc8   memcpy
0000fdf8   multiplication_limits
0000fe1c   powerten
00000216   pps1
0000021c   pps1_count
00000200   prevccr
0000020c   result_ready
0000fe40   segments
0000fcf2   set_countmode
0000021b   switch_read
0000021a   switches
00000218   tb_count


GLOBAL SYMBOLS: SORTED BY Symbol Address 

address    name
--------   ----
00000000   IE1
00000001   __TI_args_main
00000001   __TI_exit
00000002   IFG1
00000020   P1IN
00000021   P1OUT
00000022   P1DIR
00000023   P1IFG
00000024   P1IES
00000025   P1IE
00000026   P1SEL
00000027   P1REN
00000028   P2IN
00000029   P2OUT
0000002a   P2DIR
0000002b   P2IFG
0000002c   P2IES
0000002d   P2IE
0000002e   P2SEL
0000002f   P2REN
00000041   P1SEL2
00000042   P2SEL2
00000048   ADC10DTC0
00000049   ADC10DTC1
0000004a   ADC10AE0
00000050   __STACK_SIZE
00000053   BCSCTL3
00000056   DCOCTL
00000057   BCSCTL1
00000058   BCSCTL2
00000059   CACTL1
0000005a   CACTL2
0000005b   CAPD
00000078   USICTL
00000078   USICTL0
00000079   USICTL1
0000007a   USICCTL
0000007a   USICKCTL
0000007b   USICNT
0000007c   USISR
0000007c   USISRL
0000007d   USISRH
00000120   WDTCTL
00000128   FCTL1
0000012a   FCTL2
0000012c   FCTL3
0000012e   TA0IV
00000160   TA0CTL
00000162   TA0CCTL0
00000164   TA0CCTL1
00000166   TA0CCTL2
00000170   TA0R
00000172   TA0CCR0
00000174   TA0CCR1
00000176   TA0CCR2
000001b0   ADC10CTL0
000001b2   ADC10CTL1
000001b4   ADC10MEM
000001bc   ADC10SA
00000200   prevccr
00000204   counter
00000208   count_result
0000020c   result_ready
0000020e   bcd
00000216   pps1
00000217   dp
00000218   tb_count
0000021a   switches
0000021b   switch_read
0000021c   pps1_count
0000021e   count_mode
0000021f   disp_mode
00000220   gate_division
000002b0   _stack
00000300   __STACK_END
000010f8   CALDCO_16MHZ
000010f9   CALBC1_16MHZ
000010fa   CALDCO_12MHZ
000010fb   CALBC1_12MHZ
000010fc   CALDCO_8MHZ
000010fd   CALBC1_8MHZ
000010fe   CALDCO_1MHZ
000010ff   CALBC1_1MHZ
0000f800   main
0000f9ae   TA0IV_ISR
0000fb2a   LongToBCD
0000fbf0   _auto_init
0000fc4e   __mspabi_divul
0000fc4e   __mspabi_remul
0000fca6   __mspabi_srli
0000fcb4   __mspabi_srli_15
0000fcb8   __mspabi_srli_14
0000fcbc   __mspabi_srli_13
0000fcc0   __mspabi_srli_12
0000fcc4   __mspabi_srli_11
0000fcc8   __mspabi_srli_10
0000fccc   __mspabi_srli_9
0000fcd0   __mspabi_srli_8
0000fcd4   __mspabi_srli_7
0000fcd8   __mspabi_srli_6
0000fcdc   __mspabi_srli_5
0000fce0   __mspabi_srli_4
0000fce4   __mspabi_srli_3
0000fce8   __mspabi_srli_2
0000fcec   __mspabi_srli_1
0000fcf2   set_countmode
0000fd36   __mspabi_slli
0000fd42   __mspabi_slli_15
0000fd44   __mspabi_slli_14
0000fd46   __mspabi_slli_13
0000fd48   __mspabi_slli_12
0000fd4a   __mspabi_slli_11
0000fd4c   __mspabi_slli_10
0000fd4e   __mspabi_slli_9
0000fd50   __mspabi_slli_8
0000fd52   __mspabi_slli_7
0000fd54   __mspabi_slli_6
0000fd56   __mspabi_slli_5
0000fd58   __mspabi_slli_4
0000fd5a   __mspabi_slli_3
0000fd5c   __mspabi_slli_2
0000fd5e   __mspabi_slli_1
0000fd62   __mspabi_mpyl
0000fd88   _c_int00
0000fd88   _c_int00_noexit
0000fda2   __TI_zero_init
0000fdb6   __TI_decompress_none
0000fdc8   memcpy
0000fdda   __mspabi_func_epilog_7
0000fddc   __mspabi_func_epilog_6
0000fdde   __mspabi_func_epilog_5
0000fde0   __mspabi_func_epilog_4
0000fde2   __mspabi_func_epilog_3
0000fde4   __mspabi_func_epilog_2
0000fde6   __mspabi_func_epilog_1
0000fdea   __TI_decompress_rle24
0000fdf0   _system_pre_init
0000fdf4   C$$EXIT
0000fdf4   abort
0000fdf8   multiplication_limits
0000fe1c   powerten
0000fe40   segments
0000fe58   __TI_Handler_Table_Base
0000fe5e   __TI_Handler_Table_Limit
0000fe62   __TI_CINIT_Base
0000fe6a   __TI_CINIT_Limit
0000fffe   _reset_vector
ffffffff   __binit__
ffffffff   __c_args__
ffffffff   binit
UNDEFED    __TI_INITARRAY_Base
UNDEFED    __TI_INITARRAY_Limit

[152 symbols]
