******************************************************************************
                  MSP430 Linker PC v4.2.1                      
******************************************************************************
>> Linked Thu Mar 20 06:07:04 2014

OUTPUT FILE NAME:   <FC003.out>
ENTRY POINT SYMBOL: "_c_int00"  address: 0000f778


MEMORY CONFIGURATION

         name            origin    length      used     unused   attr    fill
----------------------  --------  ---------  --------  --------  ----  --------
  SFR                   00000000   00000010  00000000  00000010  RWIX
  PERIPHERALS_8BIT      00000010   000000f0  00000000  000000f0  RWIX
  PERIPHERALS_16BIT     00000100   00000100  00000000  00000100  RWIX
  RAM                   00000200   00000100  00000077  00000089  RWIX
  INFOD                 00001000   00000040  00000000  00000040  RWIX
  INFOC                 00001040   00000040  00000000  00000040  RWIX
  INFOB                 00001080   00000040  00000000  00000040  RWIX
  INFOA                 000010c0   00000040  00000000  00000040  RWIX
  FLASH                 0000f000   00000fe0  00000886  0000075a  RWIX
  INT00                 0000ffe0   00000002  00000000  00000002  RWIX
  INT01                 0000ffe2   00000002  00000000  00000002  RWIX
  INT02                 0000ffe4   00000002  00000002  00000000  RWIX
  INT03                 0000ffe6   00000002  00000002  00000000  RWIX
  INT04                 0000ffe8   00000002  00000002  00000000  RWIX
  INT05                 0000ffea   00000002  00000000  00000002  RWIX
  INT06                 0000ffec   00000002  00000000  00000002  RWIX
  INT07                 0000ffee   00000002  00000000  00000002  RWIX
  INT08                 0000fff0   00000002  00000002  00000000  RWIX
  INT09                 0000fff2   00000002  00000002  00000000  RWIX
  INT10                 0000fff4   00000002  00000002  00000000  RWIX
  INT11                 0000fff6   00000002  00000002  00000000  RWIX
  INT12                 0000fff8   00000002  00000000  00000002  RWIX
  INT13                 0000fffa   00000002  00000000  00000002  RWIX
  INT14                 0000fffc   00000002  00000002  00000000  RWIX
  RESET                 0000fffe   00000002  00000002  00000000  RWIX


SECTION ALLOCATION MAP

 output                                  attributes/
section   page    origin      length       input sections
--------  ----  ----------  ----------   ----------------
.init_array 
*          0    0000f000    00000000     UNINITIALIZED

.bss       0    00000200    0000001f     UNINITIALIZED
                  00000200    00000008     (.common:bcd)
                  00000208    00000004     (.common:count_high_part)
                  0000020c    00000004     (.common:count_result)
                  00000210    00000004     (.common:counter)
                  00000214    00000004     (.common:prevccr)
                  00000218    00000002     (.common:tb_count)
                  0000021a    00000001     (.common:pps1)
                  0000021b    00000001     (.common:pps1_count)
                  0000021c    00000001     (.common:result_ready)
                  0000021d    00000001     (.common:switch_read)
                  0000021e    00000001     (.common:switches)

.TI.noinit 
*          0    00000200    00000000     UNINITIALIZED

.data      0    00000220    00000008     UNINITIALIZED
                  00000220    00000008     main.obj (.data)

.TI.persistent 
*          0    00000220    00000000     UNINITIALIZED

.stack     0    000002b0    00000050     UNINITIALIZED
                  000002b0    00000002     rts430_eabi.lib : boot.obj (.stack)
                  000002b2    0000004e     --HOLE--

.text      0    0000f000    000007ee     
                  0000f000    000002d8     main.obj (.text:TA0IV_ISR)
                  0000f2d8    000001e4     main.obj (.text:main)
                  0000f4bc    00000096     textconv.obj (.text:LongToText)
                  0000f552    0000005e     rts430_eabi.lib : copy_decompress_rle.obj (.text:__TI_decompress_rle_core)
                  0000f5b0    0000005e                     : autoinit.obj (.text:_auto_init)
                  0000f60e    0000005c                     : lsr32.obj (.text:l_lsr_const)
                  0000f66a    00000058                     : div32u.obj (.text)
                  0000f6c2    0000004c                     : lsr16.obj (.text)
                  0000f70e    00000044     main.obj (.text:set_countmode)
                  0000f752    00000026     rts430_eabi.lib : mult32.obj (.text)
                  0000f778    0000001a                     : boot.obj (.text:_c_int00_noexit)
                  0000f792    00000014                     : copy_zero_init.obj (.text:decompress:ZI:__TI_zero_init)
                  0000f7a6    00000012                     : copy_decompress_none.obj (.text:decompress:none:__TI_decompress_none)
                  0000f7b8    00000012                     : memcpy.obj (.text:memcpy)
                  0000f7ca    00000010                     : epilog.obj (.text)
                  0000f7da    00000006                     : isr_trap.obj (.text:__TI_ISR_TRAP)
                  0000f7e0    00000006                     : copy_decompress_rle.obj (.text:decompress:rle24:__TI_decompress_rle24)
                  0000f7e6    00000004                     : pre_init.obj (.text:_system_pre_init)
                  0000f7ea    00000004                     : exit.obj (.text:abort)

.const     0    0000f7ee    0000007a     
                  0000f7ee    00000024     main.obj (.const:multiplication_limits)
                  0000f812    00000024     main.obj (.const:powerten)
                  0000f836    00000021     main.obj (.const:.string:boot_info)
                  0000f857    00000001     --HOLE-- [fill = 0]
                  0000f858    00000010     textconv.obj (.const:.string:segments)

.cinit     0    0000f868    0000001e     
                  0000f868    0000000c     (.cinit..data.load) [load image]
                  0000f874    00000006     (__TI_handler_table)
                  0000f87a    00000004     (.cinit..bss.load) [load image, compression = zero_init]
                  0000f87e    00000008     (__TI_cinit_table)

PORT1      0    0000ffe4    00000002     
                  0000ffe4    00000002     rts430_eabi.lib : int02.obj (.int02)

PORT2      0    0000ffe6    00000002     
                  0000ffe6    00000002     rts430_eabi.lib : int03.obj (.int03)

USI        0    0000ffe8    00000002     
                  0000ffe8    00000002     rts430_eabi.lib : int04.obj (.int04)

TIMER0_A1 
*          0    0000fff0    00000002     
                  0000fff0    00000002     main.obj (.int08)

TIMER0_A0 
*          0    0000fff2    00000002     
                  0000fff2    00000002     rts430_eabi.lib : int09.obj (.int09)

WDT        0    0000fff4    00000002     
                  0000fff4    00000002     rts430_eabi.lib : int10.obj (.int10)

COMPARATORA 
*          0    0000fff6    00000002     
                  0000fff6    00000002     rts430_eabi.lib : int11.obj (.int11)

NMI        0    0000fffc    00000002     
                  0000fffc    00000002     rts430_eabi.lib : int14.obj (.int14)

.reset     0    0000fffe    00000002     
                  0000fffe    00000002     rts430_eabi.lib : boot.obj (.reset)


LINKER GENERATED COPY TABLES

__TI_cinit_table @ 0000f87e records: 2, size/record: 4, table size: 8
	.data: load addr=0000f868, load size=0000000c bytes, run addr=00000220, run size=00000008 bytes, compression=copy
	.bss: load addr=0000f87a, load size=00000004 bytes, run addr=00000200, run size=0000001f bytes, compression=zero_init


LINKER GENERATED HANDLER TABLE

__TI_handler_table @ 0000f874 records: 3, size/record: 2, table size: 6
	index: 0, handler: __TI_zero_init
	index: 1, handler: __TI_decompress_rle24
	index: 2, handler: __TI_decompress_none


GLOBAL SYMBOLS: SORTED ALPHABETICALLY BY Name 

address    name
--------   ----
00000057   BCSCTL1
00000058   BCSCTL2
00000053   BCSCTL3
0000f7ea   C$$EXIT
00000059   CACTL1
0000005a   CACTL2
000010fb   CALBC1_12MHZ
000010f9   CALBC1_16MHZ
000010ff   CALBC1_1MHZ
000010fd   CALBC1_8MHZ
000010fa   CALDCO_12MHZ
000010f8   CALDCO_16MHZ
000010fe   CALDCO_1MHZ
000010fc   CALDCO_8MHZ
0000005b   CAPD
00000056   DCOCTL
00000128   FCTL1
0000012a   FCTL2
0000012c   FCTL3
00000000   IE1
00000002   IFG1
0000f4bc   LongToText
00000022   P1DIR
00000025   P1IE
00000024   P1IES
00000023   P1IFG
00000020   P1IN
00000021   P1OUT
00000027   P1REN
00000026   P1SEL
00000041   P1SEL2
0000002a   P2DIR
0000002d   P2IE
0000002c   P2IES
0000002b   P2IFG
00000028   P2IN
00000029   P2OUT
0000002f   P2REN
0000002e   P2SEL
00000042   P2SEL2
00000172   TA0CCR0
00000174   TA0CCR1
00000176   TA0CCR2
00000162   TA0CCTL0
00000164   TA0CCTL1
00000166   TA0CCTL2
00000160   TA0CTL
0000012e   TA0IV
0000f000   TA0IV_ISR
00000170   TA0R
0000007a   USICCTL
0000007a   USICKCTL
0000007b   USICNT
00000078   USICTL
00000078   USICTL0
00000079   USICTL1
0000007c   USISR
0000007d   USISRH
0000007c   USISRL
00000120   WDTCTL
00000300   __STACK_END
00000050   __STACK_SIZE
0000f87e   __TI_CINIT_Base
0000f886   __TI_CINIT_Limit
0000f874   __TI_Handler_Table_Base
0000f87a   __TI_Handler_Table_Limit
UNDEFED    __TI_INITARRAY_Base
UNDEFED    __TI_INITARRAY_Limit
0000f7da   __TI_ISR_TRAP
00000001   __TI_args_main
0000f7a6   __TI_decompress_none
0000f7e0   __TI_decompress_rle24
00000001   __TI_exit
0000ffe4   __TI_int02
0000ffe6   __TI_int03
0000ffe8   __TI_int04
0000fff0   __TI_int08
0000fff2   __TI_int09
0000fff4   __TI_int10
0000fff6   __TI_int11
0000fffc   __TI_int14
0000f792   __TI_zero_init
ffffffff   __binit__
ffffffff   __c_args__
0000f66a   __mspabi_divul
0000f7d6   __mspabi_func_epilog_1
0000f7d4   __mspabi_func_epilog_2
0000f7d2   __mspabi_func_epilog_3
0000f7d0   __mspabi_func_epilog_4
0000f7ce   __mspabi_func_epilog_5
0000f7cc   __mspabi_func_epilog_6
0000f7ca   __mspabi_func_epilog_7
0000f752   __mspabi_mpyl
0000f66a   __mspabi_remul
0000f6c2   __mspabi_srli
0000f708   __mspabi_srli_1
0000f6e4   __mspabi_srli_10
0000f6e0   __mspabi_srli_11
0000f6dc   __mspabi_srli_12
0000f6d8   __mspabi_srli_13
0000f6d4   __mspabi_srli_14
0000f6d0   __mspabi_srli_15
0000f704   __mspabi_srli_2
0000f700   __mspabi_srli_3
0000f6fc   __mspabi_srli_4
0000f6f8   __mspabi_srli_5
0000f6f4   __mspabi_srli_6
0000f6f0   __mspabi_srli_7
0000f6ec   __mspabi_srli_8
0000f6e8   __mspabi_srli_9
0000f662   __mspabi_srll_1
0000f62c   __mspabi_srll_10
0000f626   __mspabi_srll_11
0000f620   __mspabi_srll_12
0000f61a   __mspabi_srll_13
0000f614   __mspabi_srll_14
0000f60e   __mspabi_srll_15
0000f65c   __mspabi_srll_2
0000f656   __mspabi_srll_3
0000f650   __mspabi_srll_4
0000f64a   __mspabi_srll_5
0000f644   __mspabi_srll_6
0000f63e   __mspabi_srll_7
0000f638   __mspabi_srll_8
0000f632   __mspabi_srll_9
0000f5b0   _auto_init
0000f778   _c_int00
0000f778   _c_int00_noexit
0000fffe   _reset_vector
000002b0   _stack
0000f7e6   _system_pre_init
0000f7ea   abort
00000200   bcd
ffffffff   binit
00000224   boot_count
0000f836   boot_info
00000208   count_high_part
00000220   count_mode
0000020c   count_result
00000210   counter
00000221   disp_mode
00000222   gate_division
0000f2d8   main
0000f7b8   memcpy
0000f7ee   multiplication_limits
0000f812   powerten
0000021a   pps1
0000021b   pps1_count
00000214   prevccr
0000021c   result_ready
0000f858   segments
0000f70e   set_countmode
0000021d   switch_read
0000021e   switches
00000218   tb_count


GLOBAL SYMBOLS: SORTED BY Symbol Address 

address    name
--------   ----
00000000   IE1
00000001   __TI_args_main
00000001   __TI_exit
00000002   IFG1
00000020   P1IN
00000021   P1OUT
00000022   P1DIR
00000023   P1IFG
00000024   P1IES
00000025   P1IE
00000026   P1SEL
00000027   P1REN
00000028   P2IN
00000029   P2OUT
0000002a   P2DIR
0000002b   P2IFG
0000002c   P2IES
0000002d   P2IE
0000002e   P2SEL
0000002f   P2REN
00000041   P1SEL2
00000042   P2SEL2
00000050   __STACK_SIZE
00000053   BCSCTL3
00000056   DCOCTL
00000057   BCSCTL1
00000058   BCSCTL2
00000059   CACTL1
0000005a   CACTL2
0000005b   CAPD
00000078   USICTL
00000078   USICTL0
00000079   USICTL1
0000007a   USICCTL
0000007a   USICKCTL
0000007b   USICNT
0000007c   USISR
0000007c   USISRL
0000007d   USISRH
00000120   WDTCTL
00000128   FCTL1
0000012a   FCTL2
0000012c   FCTL3
0000012e   TA0IV
00000160   TA0CTL
00000162   TA0CCTL0
00000164   TA0CCTL1
00000166   TA0CCTL2
00000170   TA0R
00000172   TA0CCR0
00000174   TA0CCR1
00000176   TA0CCR2
00000200   bcd
00000208   count_high_part
0000020c   count_result
00000210   counter
00000214   prevccr
00000218   tb_count
0000021a   pps1
0000021b   pps1_count
0000021c   result_ready
0000021d   switch_read
0000021e   switches
00000220   count_mode
00000221   disp_mode
00000222   gate_division
00000224   boot_count
000002b0   _stack
00000300   __STACK_END
000010f8   CALDCO_16MHZ
000010f9   CALBC1_16MHZ
000010fa   CALDCO_12MHZ
000010fb   CALBC1_12MHZ
000010fc   CALDCO_8MHZ
000010fd   CALBC1_8MHZ
000010fe   CALDCO_1MHZ
000010ff   CALBC1_1MHZ
0000f000   TA0IV_ISR
0000f2d8   main
0000f4bc   LongToText
0000f5b0   _auto_init
0000f60e   __mspabi_srll_15
0000f614   __mspabi_srll_14
0000f61a   __mspabi_srll_13
0000f620   __mspabi_srll_12
0000f626   __mspabi_srll_11
0000f62c   __mspabi_srll_10
0000f632   __mspabi_srll_9
0000f638   __mspabi_srll_8
0000f63e   __mspabi_srll_7
0000f644   __mspabi_srll_6
0000f64a   __mspabi_srll_5
0000f650   __mspabi_srll_4
0000f656   __mspabi_srll_3
0000f65c   __mspabi_srll_2
0000f662   __mspabi_srll_1
0000f66a   __mspabi_divul
0000f66a   __mspabi_remul
0000f6c2   __mspabi_srli
0000f6d0   __mspabi_srli_15
0000f6d4   __mspabi_srli_14
0000f6d8   __mspabi_srli_13
0000f6dc   __mspabi_srli_12
0000f6e0   __mspabi_srli_11
0000f6e4   __mspabi_srli_10
0000f6e8   __mspabi_srli_9
0000f6ec   __mspabi_srli_8
0000f6f0   __mspabi_srli_7
0000f6f4   __mspabi_srli_6
0000f6f8   __mspabi_srli_5
0000f6fc   __mspabi_srli_4
0000f700   __mspabi_srli_3
0000f704   __mspabi_srli_2
0000f708   __mspabi_srli_1
0000f70e   set_countmode
0000f752   __mspabi_mpyl
0000f778   _c_int00
0000f778   _c_int00_noexit
0000f792   __TI_zero_init
0000f7a6   __TI_decompress_none
0000f7b8   memcpy
0000f7ca   __mspabi_func_epilog_7
0000f7cc   __mspabi_func_epilog_6
0000f7ce   __mspabi_func_epilog_5
0000f7d0   __mspabi_func_epilog_4
0000f7d2   __mspabi_func_epilog_3
0000f7d4   __mspabi_func_epilog_2
0000f7d6   __mspabi_func_epilog_1
0000f7da   __TI_ISR_TRAP
0000f7e0   __TI_decompress_rle24
0000f7e6   _system_pre_init
0000f7ea   C$$EXIT
0000f7ea   abort
0000f7ee   multiplication_limits
0000f812   powerten
0000f836   boot_info
0000f858   segments
0000f874   __TI_Handler_Table_Base
0000f87a   __TI_Handler_Table_Limit
0000f87e   __TI_CINIT_Base
0000f886   __TI_CINIT_Limit
0000ffe4   __TI_int02
0000ffe6   __TI_int03
0000ffe8   __TI_int04
0000fff0   __TI_int08
0000fff2   __TI_int09
0000fff4   __TI_int10
0000fff6   __TI_int11
0000fffc   __TI_int14
0000fffe   _reset_vector
ffffffff   __binit__
ffffffff   __c_args__
ffffffff   binit
UNDEFED    __TI_INITARRAY_Base
UNDEFED    __TI_INITARRAY_Limit

[155 symbols]
